2026-09-17 03:26:33,302 10512 INFO ? odoo: Odoo version 19.0 
2026-09-17 03:26:33,303 10512 INFO ? odoo: Using configuration file at c:\odoo\odoo-19\odoo.conf 
2026-09-17 03:26:33,303 10512 INFO ? odoo: addons paths: _NamespacePath(['C:\\odoo\\odoo-19\\odoo-src\\odoo\\addons', 'c:\\odoo\\odoo-19\\enterprise', 'c:\\odoo\\odoo-19\\project', 'c:\\odoo\\odoo-19\\odoo-src\\addons', 'c:\\odoo\\odoo-19\\odoo-src\\odoo\\addons', 'c:\\odoo\\odoo-19\\project-settings']) 
2026-09-17 03:26:33,303 10512 INFO ? odoo: database: odoo@127.0.0.1:5432 
2026-09-17 03:26:33,763 10512 INFO multidoorlock-local odoo.modules.loading: loading 1 modules... 
2026-09-17 03:26:33,767 10512 INFO multidoorlock-local odoo.modules.loading: 1 modules loaded in 0.00s, 0 queries (+0 extra) 
2026-09-17 03:26:33,788 10512 INFO multidoorlock-local odoo.modules.loading: updating modules list 
2026-09-17 03:26:33,793 10512 INFO multidoorlock-local odoo.addons.base.models.ir_module: ALLOW access to module.update_list on [] to user __system__ #1 via n/a 
2026-09-17 03:26:36,125 10512 INFO multidoorlock-local odoo.addons.base.models.ir_module: ALLOW access to module.button_upgrade on ['Israel - Payroll'] to user __system__ #1 via n/a 
2026-09-17 03:26:36,125 10512 INFO multidoorlock-local odoo.addons.base.models.ir_module: ALLOW access to module.update_list on ['Israel - Payroll'] to user __system__ #1 via n/a 
2026-09-17 03:26:38,065 10512 INFO multidoorlock-local odoo.addons.base.models.ir_module: ALLOW access to module.button_install on [] to user __system__ #1 via n/a 
2026-09-17 03:26:38,129 10512 INFO multidoorlock-local odoo.modules.loading: loading 141 modules... 
2026-09-17 03:26:39,267 10512 INFO multidoorlock-local odoo.modules.loading: Loading module l10n_il_hr_payroll (133/141) 
2026-09-17 03:26:39,415 10512 WARNING multidoorlock-local odoo.fields: Translated stored related field (hr.employee.name) will not be computed correctly in all languages 
2026-09-17 03:26:39,501 10512 WARNING multidoorlock-local odoo.fields: Translated stored related field (hr.employee.name) will not be computed correctly in all languages 
2026-09-17 03:26:39,525 10512 INFO multidoorlock-local odoo.registry: module l10n_il_hr_payroll: creating or updating database tables 
2026-09-17 03:26:39,771 10512 INFO multidoorlock-local odoo.modules.loading: loading l10n_il_hr_payroll/security/sign_security.xml 
2026-09-17 03:26:39,777 10512 INFO multidoorlock-local odoo.modules.loading: loading l10n_il_hr_payroll/security/hr_employee_form_101_security.xml 
2026-09-17 03:26:39,795 10512 INFO multidoorlock-local odoo.modules.loading: loading l10n_il_hr_payroll/security/ir.model.access.csv 
2026-09-17 03:26:40,000 10512 INFO multidoorlock-local odoo.modules.loading: loading l10n_il_hr_payroll/data/hr_work_entry_type_data.xml 
2026-09-17 03:26:40,013 10512 INFO multidoorlock-local odoo.modules.loading: loading l10n_il_hr_payroll/views/hr_employee_form_101_activation_wizard_views.xml 
2026-09-17 03:26:40,032 10512 INFO multidoorlock-local odoo.modules.loading: loading l10n_il_hr_payroll/views/hr_employee_form_101_views.xml 
2026-09-17 03:26:40,138 10512 INFO multidoorlock-local odoo.modules.loading: loading l10n_il_hr_payroll/report/hr_employee_form_101_report.xml 
2026-09-17 03:26:40,156 10512 INFO multidoorlock-local odoo.modules.loading: loading l10n_il_hr_payroll/views/hr_employee_views.xml 
2026-09-17 03:26:40,202 10512 INFO multidoorlock-local odoo.modules.loading: loading l10n_il_hr_payroll/views/resource_calendar_views.xml 
2026-09-17 03:26:40,242 10512 INFO multidoorlock-local odoo.modules.loading: loading l10n_il_hr_payroll/views/res_config_settings_views.xml 
2026-09-17 03:26:40,326 10512 INFO multidoorlock-local odoo.modules.loading: loading l10n_il_hr_payroll/views/hr_work_entry_views.xml 
2026-09-17 03:26:40,370 10512 INFO multidoorlock-local odoo.modules.migration: module l10n_il_hr_payroll: Running upgrade [1.0.35>] post-migration 
2026-09-17 03:26:40,430 10512 INFO multidoorlock-local odoo.models.unlink: User #1 deleted survey.question.answer records with IDs: [158, 159, 160, 161, 162, 163, 164, 165, 166, 167, 168, 169, 170, 171, 172, 173, 174, 175, 176, 177, 178, 179, 180, 181, 182, 183, 184, 185, 186, 187, 188, 189, 190, 191, 192, 193, 194, 195, 196, 197, 198, 199, 200, 201, 202, 203, 204, 205, 206, 207, 208, 209, 210, 211, 212, 213, 214, 215, 216, 217, 218, 219, 220, 221, 222, 223, 224, 225, 226, 227, 228, 229, 230, 231, 232, 233, 234, 235, 236, 237, 238, 239, 240, 241, 242, 243, 244, 245, 246, 247, 248, 249, 250, 251, 252, 253, 254, 255, 256, 257, 258, 259, 260, 261, 262, 263, 264, 265, 266, 267, 268, 269, 270, 271, 272, 273, 274, 275, 276, 277, 278, 279, 280, 281, 282, 283, 284, 285, 286, 287, 288, 289, 290, 291, 292, 293, 294, 295, 296, 297, 298, 299, 300, 301, 302, 303, 304, 305, 306, 307, 308, 309, 310, 311, 312, 313, 314, 315, 316, 317, 318, 319, 320, 321, 322, 323, 324, 325, 326, 327, 328, 329, 330, 331, 332, 333, 334, 335, 336, 337, 338, 339, 340, 341, 342, 343, 344, 345, 346, 347, 348, 349, 350, 351, 352, 353, 354, 355, 356, 357, 358, 359, 360, 361, 362, 363, 364, 365, 366, 367, 368, 369, 370, 371, 372, 373, 374, 375, 376, 377, 378, 379, 380, 381, 382, 383, 384, 385, 386, 387, 388, 389, 390, 391, 392, 393, 394, 395, 396, 397, 398, 399, 400, 401, 402, 403, 404, 405, 406, 407, 408, 409, 410, 411, 412, 413, 414, 415, 416, 417, 418, 419, 420, 421, 422, 423, 424, 425, 426, 427, 428, 429, 430, 431, 432, 433, 434, 435, 436, 437, 438, 439, 440, 441, 442, 443, 444, 445, 446, 447, 448, 449, 450, 451, 452, 453, 454, 455, 456, 457, 458] 
2026-09-17 03:26:40,529 10512 INFO multidoorlock-local odoo.addons.base.models.ir_module: module l10n_il_hr_payroll: no translation for language he_IL 
2026-09-17 03:26:40,606 10512 INFO multidoorlock-local odoo.modules.loading: Module l10n_il_hr_payroll loaded in 1.34s, 762 queries (+762 other) 
2026-09-17 03:26:40,650 10512 INFO multidoorlock-local odoo.modules.loading: Loading module l10n_il_hr_payroll_account (141/141) 
2026-09-17 03:26:40,806 10512 INFO multidoorlock-local odoo.registry: module l10n_il_hr_payroll_account: creating or updating database tables 
2026-09-17 03:26:41,168 10512 INFO multidoorlock-local odoo.modules.loading: loading l10n_il_hr_payroll_account/security/ir.model.access.csv 
2026-09-17 03:26:41,185 10512 INFO multidoorlock-local odoo.modules.loading: loading l10n_il_hr_payroll_account/data/hr_payslip_input_type_data.xml 
2026-09-17 03:26:41,196 10512 INFO multidoorlock-local odoo.modules.loading: loading l10n_il_hr_payroll_account/data/hr_payroll_structure_data.xml 
2026-09-17 03:26:41,226 10512 INFO multidoorlock-local odoo.modules.loading: loading l10n_il_hr_payroll_account/data/hr_salary_rule_data.xml 
2026-09-17 03:26:41,436 10512 INFO multidoorlock-local odoo.modules.loading: loading l10n_il_hr_payroll_account/data/hr_payroll_sync_data.xml 
2026-09-17 03:26:41,611 10512 INFO multidoorlock-local odoo.models.unlink: User #1 deleted ir.model.data records with IDs: [491692] 
2026-09-17 03:26:41,611 10512 INFO multidoorlock-local odoo.models.unlink: User #1 deleted hr.salary.rule records with IDs: [6877] 
2026-09-17 03:26:41,647 10512 INFO multidoorlock-local odoo.models.unlink: User #1 deleted ir.model.data records with IDs: [491693] 
2026-09-17 03:26:41,648 10512 INFO multidoorlock-local odoo.models.unlink: User #1 deleted hr.salary.rule records with IDs: [6878] 
2026-09-17 03:26:41,683 10512 INFO multidoorlock-local odoo.models.unlink: User #1 deleted ir.model.data records with IDs: [491694] 
2026-09-17 03:26:41,684 10512 INFO multidoorlock-local odoo.models.unlink: User #1 deleted hr.salary.rule records with IDs: [6879] 
2026-09-17 03:26:41,718 10512 INFO multidoorlock-local odoo.models.unlink: User #1 deleted ir.model.data records with IDs: [491695] 
2026-09-17 03:26:41,718 10512 INFO multidoorlock-local odoo.models.unlink: User #1 deleted hr.salary.rule records with IDs: [6880] 
2026-09-17 03:26:41,759 10512 INFO multidoorlock-local odoo.models.unlink: User #1 deleted ir.model.data records with IDs: [491696] 
2026-09-17 03:26:41,759 10512 INFO multidoorlock-local odoo.models.unlink: User #1 deleted hr.salary.rule records with IDs: [6881] 
2026-09-17 03:26:41,796 10512 INFO multidoorlock-local odoo.models.unlink: User #1 deleted ir.model.data records with IDs: [491697] 
2026-09-17 03:26:41,796 10512 INFO multidoorlock-local odoo.models.unlink: User #1 deleted hr.salary.rule records with IDs: [6882] 
2026-09-17 03:26:41,831 10512 INFO multidoorlock-local odoo.models.unlink: User #1 deleted ir.model.data records with IDs: [491698] 
2026-09-17 03:26:41,831 10512 INFO multidoorlock-local odoo.models.unlink: User #1 deleted hr.salary.rule records with IDs: [6883] 
2026-09-17 03:26:41,868 10512 INFO multidoorlock-local odoo.models.unlink: User #1 deleted ir.model.data records with IDs: [491699] 
2026-09-17 03:26:41,868 10512 INFO multidoorlock-local odoo.models.unlink: User #1 deleted hr.salary.rule records with IDs: [6884] 
2026-09-17 03:26:41,904 10512 INFO multidoorlock-local odoo.models.unlink: User #1 deleted ir.model.data records with IDs: [491700] 
2026-09-17 03:26:41,905 10512 INFO multidoorlock-local odoo.models.unlink: User #1 deleted hr.salary.rule records with IDs: [6885] 
2026-09-17 03:26:41,937 10512 INFO multidoorlock-local odoo.models.unlink: User #1 deleted ir.model.data records with IDs: [491701] 
2026-09-17 03:26:41,938 10512 INFO multidoorlock-local odoo.models.unlink: User #1 deleted hr.salary.rule records with IDs: [6886] 
2026-09-17 03:26:41,971 10512 INFO multidoorlock-local odoo.models.unlink: User #1 deleted ir.model.data records with IDs: [491702] 
2026-09-17 03:26:41,972 10512 INFO multidoorlock-local odoo.models.unlink: User #1 deleted hr.salary.rule records with IDs: [6887] 
2026-09-17 03:26:42,008 10512 INFO multidoorlock-local odoo.models.unlink: User #1 deleted ir.model.data records with IDs: [491703] 
2026-09-17 03:26:42,009 10512 INFO multidoorlock-local odoo.models.unlink: User #1 deleted hr.salary.rule records with IDs: [6888] 
2026-09-17 03:26:42,415 10512 INFO multidoorlock-local odoo.modules.loading: loading l10n_il_hr_payroll_account/views/hr_employee_views.xml 
2026-09-17 03:26:42,717 10512 INFO multidoorlock-local odoo.modules.loading: loading l10n_il_hr_payroll_account/views/hr_salary_attachment_views.xml 
2026-09-17 03:26:42,869 10512 INFO multidoorlock-local odoo.models.unlink: User #1 deleted ir.actions.act_window.view records with IDs: [1090, 1091] 
2026-09-17 03:26:42,876 10512 INFO multidoorlock-local odoo.modules.loading: loading l10n_il_hr_payroll_account/views/hr_payslip_input_type_views.xml 
2026-09-17 03:26:42,894 10512 INFO multidoorlock-local odoo.modules.loading: loading l10n_il_hr_payroll_account/views/res_config_settings_views.xml 
2026-09-17 03:26:42,977 10512 INFO multidoorlock-local odoo.modules.loading: loading l10n_il_hr_payroll_account/views/account_payment_views.xml 
2026-09-17 03:26:43,818 10512 INFO multidoorlock-local odoo.models.unlink: User #1 deleted ir.actions.act_window.view records with IDs: [1092, 1093] 
2026-09-17 03:26:43,821 10512 INFO multidoorlock-local odoo.modules.loading: loading l10n_il_hr_payroll_account/views/account_partial_reconcile_views.xml 
2026-09-17 03:26:43,833 10512 INFO multidoorlock-local odoo.modules.loading: loading l10n_il_hr_payroll_account/wizard/payroll_reconciliation_wizard_views.xml 
2026-09-17 03:26:43,852 10512 INFO multidoorlock-local odoo.modules.loading: loading l10n_il_hr_payroll_account/views/hr_payslip_views.xml 
2026-09-17 03:26:43,899 10512 INFO multidoorlock-local odoo.modules.loading: loading l10n_il_hr_payroll_account/wizard/payslip_run_payment_wizard_views.xml 
2026-09-17 03:26:43,909 10512 INFO multidoorlock-local odoo.modules.loading: loading l10n_il_hr_payroll_account/wizard/payment_cycle_wizard_views.xml 
2026-09-17 03:26:43,924 10512 INFO multidoorlock-local odoo.modules.loading: loading l10n_il_hr_payroll_account/wizard/masav_export_wizard_views.xml 
2026-09-17 03:26:43,934 10512 INFO multidoorlock-local odoo.modules.loading: loading l10n_il_hr_payroll_account/views/payment_cycle_views.xml 
2026-09-17 03:26:43,995 10512 INFO multidoorlock-local odoo.modules.loading: loading l10n_il_hr_payroll_account/views/hr_payslip_run_views.xml 
2026-09-17 03:26:44,025 10512 INFO multidoorlock-local odoo.modules.loading: loading l10n_il_hr_payroll_account/views/payroll_batch_payment_selection_views.xml 
2026-09-17 03:26:44,075 10512 INFO multidoorlock-local odoo.modules.loading: loading l10n_il_hr_payroll_account/views/hr_attendance_overtime_rule_views.xml 
2026-09-17 03:26:44,093 10512 INFO multidoorlock-local odoo.modules.loading: loading l10n_il_hr_payroll_account/views/menus.xml 
2026-09-17 03:26:44,110 10512 INFO multidoorlock-local odoo.modules.loading: loading l10n_il_hr_payroll_account/views/employee_accounting_navigation.xml 
2026-09-17 03:26:44,137 10512 INFO multidoorlock-local odoo.modules.loading: loading l10n_il_hr_payroll_account/report/batch_employee_payments.xml 
2026-09-17 03:26:44,177 10512 INFO multidoorlock-local odoo.modules.loading: loading l10n_il_hr_payroll_account/data/hr_hebrew_translations.xml 
2026-09-17 03:26:44,951 10512 INFO multidoorlock-local odoo.addons.base.models.ir_module: module l10n_il_hr_payroll_account: no translation for language he_IL 
2026-09-17 03:26:44,988 10512 INFO multidoorlock-local odoo.modules.loading: Module l10n_il_hr_payroll_account loaded in 4.34s, 6780 queries (+6780 other) 
2026-09-17 03:26:44,988 10512 INFO multidoorlock-local odoo.modules.loading: 141 modules loaded in 6.86s, 7542 queries (+7542 extra) 
2026-09-17 03:26:45,223 10512 INFO multidoorlock-local odoo.modules.loading: Model labels.label is declared but cannot be loaded! (Perhaps a module was partially removed or renamed) 
2026-09-17 03:26:45,389 10512 INFO multidoorlock-local odoo.registry: verifying fields for every extended model 
2026-09-17 03:26:46,203 10512 INFO multidoorlock-local odoo.modules.loading: Modules loaded. 
2026-09-17 03:26:46,230 10512 INFO multidoorlock-local odoo.registry: Registry changed, signaling through the database 
2026-09-17 03:26:46,231 10512 INFO multidoorlock-local odoo.registry: Registry loaded in 12.530s 
2026-09-17 03:26:46,231 10512 INFO multidoorlock-local odoo.service.server: Initiating shutdown 
2026-09-17 03:26:46,231 10512 INFO multidoorlock-local odoo.service.server: Hit CTRL-C again or send a second signal to force the shutdown. 
2026-09-17 03:26:46,231 10512 INFO multidoorlock-local odoo.sql_db: ConnectionPool(read/write;used=0/count=0/max=64): Closed 1 connections  
